
[1m[46m RUN [49m[22m [36mv4.0.18 [39m[90mC:/Projects/spellcastersdb[39m

node.exe : [90mstderr[2m | src/lib/remote-data.test.ts
At line:1 char:1
+ & "C:\Program Files\nodejs/node.exe" "C:\Users\evanw\AppData\Roaming\ ...
+ ~~~~~~~~~~~~~~~~~~~~~~~~~~~~~~~~~~~~~~~~~~~~~~~~~~~~~~~~~~~~~~~~~~~~~
    + CategoryInfo          : NotSpecified: ([90mstderr[2m...te-data.test.ts:String) [], RemoteException
    + FullyQualifiedErrorId : NativeCommandError
 
[22m[39mWARN: NEXT_PUBLIC_API_URL is not defined. Using default API URL.

[90mstderr[2m | src/lib/remote-data.test.ts[2m > [22m[2mRemote Data Validation[2m > [22m[2mshould validate remote data against schema
[22m[39m≡ƒö┤ CRITICAL: API Schema Validation Failed {
  _errors: [],
  units: { [32m'19'[39m: { _errors: [], mechanics: [36m[Object][39m }, _errors: [] }
}

[90mstderr[2m | src/lib/remote-data.test.ts[2m > [22m[2mRemote Data Validation[2m > [22m[2mshould validate remote data against schema
[22m[39mData Validation Failed! Returned empty data.

 [31mΓ¥»[39m src/lib/remote-data.test.ts [2m([22m[2m1 test[22m[2m | [22m[31m1 failed[39m[2m)[22m[32m 94[2mms[22m[39m
[31m     [31m├ù[31m should validate remote data against schema[39m[32m 93[2mms[22m[39m

[31mΓÄ»ΓÄ»ΓÄ»ΓÄ»ΓÄ»ΓÄ»ΓÄ»[39m[1m[41m Failed Tests 1 [49m[22m[31mΓÄ»ΓÄ»ΓÄ»ΓÄ»ΓÄ»ΓÄ»ΓÄ»[39m

[41m[1m FAIL [22m[49m src/lib/remote-data.test.ts[2m > [22mRemote Data Validation[2m > [22mshould validate remote data against schema
[31m[1mAssertionError[22m: expected 0 to be greater than 0[39m
[36m [2mΓ¥»[22m src/lib/remote-data.test.ts:[2m20:42[22m[39m
    [90m 18| [39m        }
    [90m 19| [39m
    [90m 20| [39m        [34mexpect[39m(data[33m.[39mspellcasters[33m.[39mlength)[33m.[39m[34mtoBeGreaterThan[39m([34m0[39m)[33m;[39m
    [90m   | [39m                                         [31m^[39m
    [90m 21| [39m        [34mexpect[39m(data[33m.[39munits[33m.[39mlength)[33m.[39m[34mtoBeGreaterThan[39m([34m0[39m)[33m;[39m
    [90m 22| [39m    })[33m;[39m

[31m[2mΓÄ»ΓÄ»ΓÄ»ΓÄ»ΓÄ»ΓÄ»ΓÄ»ΓÄ»ΓÄ»ΓÄ»ΓÄ»ΓÄ»ΓÄ»ΓÄ»ΓÄ»ΓÄ»ΓÄ»ΓÄ»ΓÄ»ΓÄ»ΓÄ»ΓÄ»ΓÄ»ΓÄ»[1/1]ΓÄ»[22m[39m


[2m Test Files [22m [1m[31m1 failed[39m[22m[90m (1)[39m
[2m      Tests [22m [1m[31m1 failed[39m[22m[90m (1)[39m
[2m   Start at [22m 22:15:45
[2m   Duration [22m 932ms[2m (transform 45ms, setup 0ms, import 98ms, tests 94ms, environment 535ms)[22m

